// Vitest Snapshot v1, https://vitest.dev/guide/snapshot.html

exports[`TodoList > Test TodoList matches snapshot 1`] = `
<DocumentFragment>
  <ul />
</DocumentFragment>
`;
